 Model:        gner/Numerics/nestgcm/pyotps/OTPS/DATA/Model_load
 Elevations (m)
